Archive member included to satisfy reference by file (symbol)

c:/program files (x86)/atmel/studio/7.0/toolchain/avr8/avr8-gnu-toolchain/bin/../lib/gcc/avr/5.4.0/avr5\libgcc.a(_udivmodsi4.o)
                              uCOS-II/Source/os_time.o (__udivmodsi4)
c:/program files (x86)/atmel/studio/7.0/toolchain/avr8/avr8-gnu-toolchain/bin/../lib/gcc/avr/5.4.0/avr5\libgcc.a(_exit.o)
                              C:/Program Files (x86)/Atmel/Studio/7.0/Packs/atmel/ATmega_DFP/1.2.132/gcc/dev/atmega32/avr5/crtatmega32.o (exit)
c:/program files (x86)/atmel/studio/7.0/toolchain/avr8/avr8-gnu-toolchain/bin/../lib/gcc/avr/5.4.0/avr5\libgcc.a(_copy_data.o)
                              uCOS-II/Ports/AVR/ATmega32/GNU/os_dbg.o (__do_copy_data)
c:/program files (x86)/atmel/studio/7.0/toolchain/avr8/avr8-gnu-toolchain/bin/../lib/gcc/avr/5.4.0/avr5\libgcc.a(_clear_bss.o)
                              main.o (__do_clear_bss)
c:/program files (x86)/atmel/studio/7.0/toolchain/avr8/avr8-gnu-toolchain/bin/../lib/gcc/avr/5.4.0/avr5\libgcc.a(_umulhisi3.o)
                              uCOS-II/Source/os_time.o (__umulhisi3)
c:/program files (x86)/atmel/studio/7.0/toolchain/avr8/avr8-gnu-toolchain/bin/../lib/gcc/avr/5.4.0/avr5\libgcc.a(_muluhisi3.o)
                              uCOS-II/Source/os_time.o (__muluhisi3)

Allocating common symbols
Common symbol       size              file

OSLockNesting       0x1               uCOS-II/Source/os_core.o
OSRunning           0x1               uCOS-II/Source/os_core.o
OSTaskStkSize       0x2               uCOS-II/Ports/AVR/ATmega32/GNU/os_cpu_c.o
OSIdleCtr           0x4               uCOS-II/Source/os_core.o
OSPrioHighRdy       0x1               uCOS-II/Source/os_core.o
OSPrioCur           0x1               uCOS-II/Source/os_core.o
OSTaskStkSizeHard   0x2               uCOS-II/Ports/AVR/ATmega32/GNU/os_cpu_c.o
OSTCBList           0x2               uCOS-II/Source/os_core.o
OSTickStepState     0x1               uCOS-II/Source/os_core.o
OSCtxSwCtr          0x4               uCOS-II/Source/os_core.o
OSTCBFreeList       0x2               uCOS-II/Source/os_core.o
OSTaskCtr           0x1               uCOS-II/Source/os_core.o
OSTCBHighRdy        0x2               uCOS-II/Source/os_core.o
OSRdyGrp            0x1               uCOS-II/Source/os_core.o
OSRdyTbl            0x8               uCOS-II/Source/os_core.o
OSEventFreeList     0x2               uCOS-II/Source/os_core.o
OSIntNesting        0x1               uCOS-II/Source/os_core.o
OSTCBCur            0x2               uCOS-II/Source/os_core.o
OSTime              0x4               uCOS-II/Source/os_core.o
OSTaskIdleStk       0x14              uCOS-II/Source/os_core.o
OSEventTbl          0x1c              uCOS-II/Source/os_core.o
OSTCBTbl            0xa2              uCOS-II/Source/os_core.o
OSTCBPrioTbl        0x80              uCOS-II/Source/os_core.o

Discarded input sections

 .text          0x00000000        0x4 C:/Program Files (x86)/Atmel/Studio/7.0/Packs/atmel/ATmega_DFP/1.2.132/gcc/dev/atmega32/avr5/crtatmega32.o
 .data          0x00000000        0x0 C:/Program Files (x86)/Atmel/Studio/7.0/Packs/atmel/ATmega_DFP/1.2.132/gcc/dev/atmega32/avr5/crtatmega32.o
 .bss           0x00000000        0x0 C:/Program Files (x86)/Atmel/Studio/7.0/Packs/atmel/ATmega_DFP/1.2.132/gcc/dev/atmega32/avr5/crtatmega32.o
 .text          0x00000000        0x0 app_hooks.o
 .data          0x00000000        0x0 app_hooks.o
 .bss           0x00000000        0x0 app_hooks.o
 .debug_info    0x00000000       0x6b app_hooks.o
 .debug_abbrev  0x00000000       0x26 app_hooks.o
 .debug_aranges
                0x00000000       0x18 app_hooks.o
 .debug_line    0x00000000       0x1a app_hooks.o
 .debug_str     0x00000000      0x18f app_hooks.o
 .comment       0x00000000       0x31 app_hooks.o
 .text          0x00000000        0x0 app_vect.o
 .data          0x00000000        0x0 app_vect.o
 .bss           0x00000000        0x0 app_vect.o
 .data          0x00000000        0x0 avr_isr.o
 .bss           0x00000000        0x0 avr_isr.o
 .text          0x00000000        0x0 main.o
 .data          0x00000000        0x0 main.o
 .bss           0x00000000        0x0 main.o
 .data          0x00000000        0x0 uCOS-II/Ports/AVR/ATmega32/GNU/os_cpu_a.o
 .bss           0x00000000        0x0 uCOS-II/Ports/AVR/ATmega32/GNU/os_cpu_a.o
 .text          0x00000000        0x0 uCOS-II/Ports/AVR/ATmega32/GNU/os_cpu_c.o
 .data          0x00000000        0x0 uCOS-II/Ports/AVR/ATmega32/GNU/os_cpu_c.o
 .bss           0x00000000        0x0 uCOS-II/Ports/AVR/ATmega32/GNU/os_cpu_c.o
 COMMON         0x00000000        0x4 uCOS-II/Ports/AVR/ATmega32/GNU/os_cpu_c.o
 .text          0x00000000        0x0 uCOS-II/Ports/AVR/ATmega32/GNU/os_dbg.o
 .data          0x00000000        0x0 uCOS-II/Ports/AVR/ATmega32/GNU/os_dbg.o
 .bss           0x00000000        0x0 uCOS-II/Ports/AVR/ATmega32/GNU/os_dbg.o
 .rodata.OSDebugEn
                0x00000000        0x2 uCOS-II/Ports/AVR/ATmega32/GNU/os_dbg.o
 .debug_info    0x00000000       0x78 uCOS-II/Ports/AVR/ATmega32/GNU/os_dbg.o
 .debug_abbrev  0x00000000       0x4b uCOS-II/Ports/AVR/ATmega32/GNU/os_dbg.o
 .debug_aranges
                0x00000000       0x18 uCOS-II/Ports/AVR/ATmega32/GNU/os_dbg.o
 .debug_line    0x00000000       0x54 uCOS-II/Ports/AVR/ATmega32/GNU/os_dbg.o
 .debug_str     0x00000000      0x190 uCOS-II/Ports/AVR/ATmega32/GNU/os_dbg.o
 .comment       0x00000000       0x31 uCOS-II/Ports/AVR/ATmega32/GNU/os_dbg.o
 .text          0x00000000        0x0 uCOS-II/Source/os_core.o
 .data          0x00000000        0x0 uCOS-II/Source/os_core.o
 .bss           0x00000000        0x0 uCOS-II/Source/os_core.o
 .text.OSIntEnter
                0x00000000       0x18 uCOS-II/Source/os_core.o
 .text.OSSchedLock
                0x00000000       0x28 uCOS-II/Source/os_core.o
 .text.OSVersion
                0x00000000        0x6 uCOS-II/Source/os_core.o
 .text.OS_EventTaskWait
                0x00000000       0x58 uCOS-II/Source/os_core.o
 .text.OS_EventTaskRdy
                0x00000000       0x7c uCOS-II/Source/os_core.o
 .text.OS_EventWaitListInit
                0x00000000       0x12 uCOS-II/Source/os_core.o
 .text.OS_MemCopy
                0x00000000       0x1c uCOS-II/Source/os_core.o
 .text.OSSchedUnlock
                0x00000000       0x42 uCOS-II/Source/os_core.o
 .text.OS_StrLen
                0x00000000       0x1a uCOS-II/Source/os_core.o
 .text          0x00000000        0x0 uCOS-II/Source/os_flag.o
 .data          0x00000000        0x0 uCOS-II/Source/os_flag.o
 .bss           0x00000000        0x0 uCOS-II/Source/os_flag.o
 .debug_info    0x00000000       0x56 uCOS-II/Source/os_flag.o
 .debug_abbrev  0x00000000       0x26 uCOS-II/Source/os_flag.o
 .debug_aranges
                0x00000000       0x18 uCOS-II/Source/os_flag.o
 .debug_line    0x00000000       0x1a uCOS-II/Source/os_flag.o
 .debug_str     0x00000000      0x170 uCOS-II/Source/os_flag.o
 .comment       0x00000000       0x31 uCOS-II/Source/os_flag.o
 .text          0x00000000        0x0 uCOS-II/Source/os_mbox.o
 .data          0x00000000        0x0 uCOS-II/Source/os_mbox.o
 .bss           0x00000000        0x0 uCOS-II/Source/os_mbox.o
 .debug_info    0x00000000       0x56 uCOS-II/Source/os_mbox.o
 .debug_abbrev  0x00000000       0x26 uCOS-II/Source/os_mbox.o
 .debug_aranges
                0x00000000       0x18 uCOS-II/Source/os_mbox.o
 .debug_line    0x00000000       0x1a uCOS-II/Source/os_mbox.o
 .debug_str     0x00000000      0x170 uCOS-II/Source/os_mbox.o
 .comment       0x00000000       0x31 uCOS-II/Source/os_mbox.o
 .text          0x00000000        0x0 uCOS-II/Source/os_mem.o
 .data          0x00000000        0x0 uCOS-II/Source/os_mem.o
 .bss           0x00000000        0x0 uCOS-II/Source/os_mem.o
 .debug_info    0x00000000       0x56 uCOS-II/Source/os_mem.o
 .debug_abbrev  0x00000000       0x26 uCOS-II/Source/os_mem.o
 .debug_aranges
                0x00000000       0x18 uCOS-II/Source/os_mem.o
 .debug_line    0x00000000       0x1a uCOS-II/Source/os_mem.o
 .debug_str     0x00000000      0x16f uCOS-II/Source/os_mem.o
 .comment       0x00000000       0x31 uCOS-II/Source/os_mem.o
 .text          0x00000000        0x0 uCOS-II/Source/os_mutex.o
 .data          0x00000000        0x0 uCOS-II/Source/os_mutex.o
 .bss           0x00000000        0x0 uCOS-II/Source/os_mutex.o
 .debug_info    0x00000000       0x56 uCOS-II/Source/os_mutex.o
 .debug_abbrev  0x00000000       0x26 uCOS-II/Source/os_mutex.o
 .debug_aranges
                0x00000000       0x18 uCOS-II/Source/os_mutex.o
 .debug_line    0x00000000       0x1a uCOS-II/Source/os_mutex.o
 .debug_str     0x00000000      0x171 uCOS-II/Source/os_mutex.o
 .comment       0x00000000       0x31 uCOS-II/Source/os_mutex.o
 .text          0x00000000        0x0 uCOS-II/Source/os_q.o
 .data          0x00000000        0x0 uCOS-II/Source/os_q.o
 .bss           0x00000000        0x0 uCOS-II/Source/os_q.o
 .debug_info    0x00000000       0x56 uCOS-II/Source/os_q.o
 .debug_abbrev  0x00000000       0x26 uCOS-II/Source/os_q.o
 .debug_aranges
                0x00000000       0x18 uCOS-II/Source/os_q.o
 .debug_line    0x00000000       0x1a uCOS-II/Source/os_q.o
 .debug_str     0x00000000      0x16d uCOS-II/Source/os_q.o
 .comment       0x00000000       0x31 uCOS-II/Source/os_q.o
 .text          0x00000000        0x0 uCOS-II/Source/os_sem.o
 .data          0x00000000        0x0 uCOS-II/Source/os_sem.o
 .bss           0x00000000        0x0 uCOS-II/Source/os_sem.o
 .text.OSSemAccept
                0x00000000       0x42 uCOS-II/Source/os_sem.o
 .text.OSSemCreate
                0x00000000       0x62 uCOS-II/Source/os_sem.o
 .text.OSSemDel
                0x00000000      0x10a uCOS-II/Source/os_sem.o
 .text.OSSemPend
                0x00000000       0xe8 uCOS-II/Source/os_sem.o
 .text.OSSemPendAbort
                0x00000000       0x8c uCOS-II/Source/os_sem.o
 .text.OSSemPost
                0x00000000       0x6c uCOS-II/Source/os_sem.o
 .text.OSSemQuery
                0x00000000       0x52 uCOS-II/Source/os_sem.o
 .text.OSSemSet
                0x00000000       0x5c uCOS-II/Source/os_sem.o
 .debug_info    0x00000000      0x94b uCOS-II/Source/os_sem.o
 .debug_abbrev  0x00000000      0x1b4 uCOS-II/Source/os_sem.o
 .debug_loc     0x00000000      0xb67 uCOS-II/Source/os_sem.o
 .debug_aranges
                0x00000000       0x58 uCOS-II/Source/os_sem.o
 .debug_ranges  0x00000000       0x48 uCOS-II/Source/os_sem.o
 .debug_line    0x00000000      0x4a4 uCOS-II/Source/os_sem.o
 .debug_str     0x00000000      0x484 uCOS-II/Source/os_sem.o
 .comment       0x00000000       0x31 uCOS-II/Source/os_sem.o
 .debug_frame   0x00000000      0x178 uCOS-II/Source/os_sem.o
 .text          0x00000000        0x0 uCOS-II/Source/os_task.o
 .data          0x00000000        0x0 uCOS-II/Source/os_task.o
 .bss           0x00000000        0x0 uCOS-II/Source/os_task.o
 .text.OSTaskCreate
                0x00000000       0xdc uCOS-II/Source/os_task.o
 .text.OSTaskDelReq
                0x00000000       0x64 uCOS-II/Source/os_task.o
 .text.OSTaskResume
                0x00000000       0x9a uCOS-II/Source/os_task.o
 .text.OSTaskSuspend
                0x00000000       0x9a uCOS-II/Source/os_task.o
 .text.OSTaskRegGet
                0x00000000       0x66 uCOS-II/Source/os_task.o
 .text.OSTaskRegSet
                0x00000000       0x68 uCOS-II/Source/os_task.o
 .text.OS_TaskReturn
                0x00000000       0x14 uCOS-II/Source/os_task.o
 .text          0x00000000        0x0 uCOS-II/Source/os_time.o
 .data          0x00000000        0x0 uCOS-II/Source/os_time.o
 .bss           0x00000000        0x0 uCOS-II/Source/os_time.o
 .text.OSTimeDlyResume
                0x00000000       0xae uCOS-II/Source/os_time.o
 .text.OSTimeGet
                0x00000000       0x2e uCOS-II/Source/os_time.o
 .text.OSTimeSet
                0x00000000       0x2e uCOS-II/Source/os_time.o
 .text          0x00000000        0x0 uCOS-II/Source/os_tmr.o
 .data          0x00000000        0x0 uCOS-II/Source/os_tmr.o
 .bss           0x00000000        0x0 uCOS-II/Source/os_tmr.o
 .debug_info    0x00000000       0x56 uCOS-II/Source/os_tmr.o
 .debug_abbrev  0x00000000       0x26 uCOS-II/Source/os_tmr.o
 .debug_aranges
                0x00000000       0x18 uCOS-II/Source/os_tmr.o
 .debug_line    0x00000000       0x1a uCOS-II/Source/os_tmr.o
 .debug_str     0x00000000      0x16f uCOS-II/Source/os_tmr.o
 .comment       0x00000000       0x31 uCOS-II/Source/os_tmr.o
 .text          0x00000000        0x0 c:/program files (x86)/atmel/studio/7.0/toolchain/avr8/avr8-gnu-toolchain/bin/../lib/gcc/avr/5.4.0/avr5\libgcc.a(_udivmodsi4.o)
 .data          0x00000000        0x0 c:/program files (x86)/atmel/studio/7.0/toolchain/avr8/avr8-gnu-toolchain/bin/../lib/gcc/avr/5.4.0/avr5\libgcc.a(_udivmodsi4.o)
 .bss           0x00000000        0x0 c:/program files (x86)/atmel/studio/7.0/toolchain/avr8/avr8-gnu-toolchain/bin/../lib/gcc/avr/5.4.0/avr5\libgcc.a(_udivmodsi4.o)
 .text.libgcc.mul
                0x00000000        0x0 c:/program files (x86)/atmel/studio/7.0/toolchain/avr8/avr8-gnu-toolchain/bin/../lib/gcc/avr/5.4.0/avr5\libgcc.a(_udivmodsi4.o)
 .text.libgcc   0x00000000        0x0 c:/program files (x86)/atmel/studio/7.0/toolchain/avr8/avr8-gnu-toolchain/bin/../lib/gcc/avr/5.4.0/avr5\libgcc.a(_udivmodsi4.o)
 .text.libgcc.prologue
                0x00000000        0x0 c:/program files (x86)/atmel/studio/7.0/toolchain/avr8/avr8-gnu-toolchain/bin/../lib/gcc/avr/5.4.0/avr5\libgcc.a(_udivmodsi4.o)
 .text.libgcc.builtins
                0x00000000        0x0 c:/program files (x86)/atmel/studio/7.0/toolchain/avr8/avr8-gnu-toolchain/bin/../lib/gcc/avr/5.4.0/avr5\libgcc.a(_udivmodsi4.o)
 .text.libgcc.fmul
                0x00000000        0x0 c:/program files (x86)/atmel/studio/7.0/toolchain/avr8/avr8-gnu-toolchain/bin/../lib/gcc/avr/5.4.0/avr5\libgcc.a(_udivmodsi4.o)
 .text.libgcc.fixed
                0x00000000        0x0 c:/program files (x86)/atmel/studio/7.0/toolchain/avr8/avr8-gnu-toolchain/bin/../lib/gcc/avr/5.4.0/avr5\libgcc.a(_udivmodsi4.o)
 .text          0x00000000        0x0 c:/program files (x86)/atmel/studio/7.0/toolchain/avr8/avr8-gnu-toolchain/bin/../lib/gcc/avr/5.4.0/avr5\libgcc.a(_exit.o)
 .data          0x00000000        0x0 c:/program files (x86)/atmel/studio/7.0/toolchain/avr8/avr8-gnu-toolchain/bin/../lib/gcc/avr/5.4.0/avr5\libgcc.a(_exit.o)
 .bss           0x00000000        0x0 c:/program files (x86)/atmel/studio/7.0/toolchain/avr8/avr8-gnu-toolchain/bin/../lib/gcc/avr/5.4.0/avr5\libgcc.a(_exit.o)
 .text.libgcc.mul
                0x00000000        0x0 c:/program files (x86)/atmel/studio/7.0/toolchain/avr8/avr8-gnu-toolchain/bin/../lib/gcc/avr/5.4.0/avr5\libgcc.a(_exit.o)
 .text.libgcc.div
                0x00000000        0x0 c:/program files (x86)/atmel/studio/7.0/toolchain/avr8/avr8-gnu-toolchain/bin/../lib/gcc/avr/5.4.0/avr5\libgcc.a(_exit.o)
 .text.libgcc   0x00000000        0x0 c:/program files (x86)/atmel/studio/7.0/toolchain/avr8/avr8-gnu-toolchain/bin/../lib/gcc/avr/5.4.0/avr5\libgcc.a(_exit.o)
 .text.libgcc.prologue
                0x00000000        0x0 c:/program files (x86)/atmel/studio/7.0/toolchain/avr8/avr8-gnu-toolchain/bin/../lib/gcc/avr/5.4.0/avr5\libgcc.a(_exit.o)
 .text.libgcc.builtins
                0x00000000        0x0 c:/program files (x86)/atmel/studio/7.0/toolchain/avr8/avr8-gnu-toolchain/bin/../lib/gcc/avr/5.4.0/avr5\libgcc.a(_exit.o)
 .text.libgcc.fmul
                0x00000000        0x0 c:/program files (x86)/atmel/studio/7.0/toolchain/avr8/avr8-gnu-toolchain/bin/../lib/gcc/avr/5.4.0/avr5\libgcc.a(_exit.o)
 .text.libgcc.fixed
                0x00000000        0x0 c:/program files (x86)/atmel/studio/7.0/toolchain/avr8/avr8-gnu-toolchain/bin/../lib/gcc/avr/5.4.0/avr5\libgcc.a(_exit.o)
 .text          0x00000000        0x0 c:/program files (x86)/atmel/studio/7.0/toolchain/avr8/avr8-gnu-toolchain/bin/../lib/gcc/avr/5.4.0/avr5\libgcc.a(_copy_data.o)
 .data          0x00000000        0x0 c:/program files (x86)/atmel/studio/7.0/toolchain/avr8/avr8-gnu-toolchain/bin/../lib/gcc/avr/5.4.0/avr5\libgcc.a(_copy_data.o)
 .bss           0x00000000        0x0 c:/program files (x86)/atmel/studio/7.0/toolchain/avr8/avr8-gnu-toolchain/bin/../lib/gcc/avr/5.4.0/avr5\libgcc.a(_copy_data.o)
 .text.libgcc.mul
                0x00000000        0x0 c:/program files (x86)/atmel/studio/7.0/toolchain/avr8/avr8-gnu-toolchain/bin/../lib/gcc/avr/5.4.0/avr5\libgcc.a(_copy_data.o)
 .text.libgcc.div
                0x00000000        0x0 c:/program files (x86)/atmel/studio/7.0/toolchain/avr8/avr8-gnu-toolchain/bin/../lib/gcc/avr/5.4.0/avr5\libgcc.a(_copy_data.o)
 .text.libgcc   0x00000000        0x0 c:/program files (x86)/atmel/studio/7.0/toolchain/avr8/avr8-gnu-toolchain/bin/../lib/gcc/avr/5.4.0/avr5\libgcc.a(_copy_data.o)
 .text.libgcc.prologue
                0x00000000        0x0 c:/program files (x86)/atmel/studio/7.0/toolchain/avr8/avr8-gnu-toolchain/bin/../lib/gcc/avr/5.4.0/avr5\libgcc.a(_copy_data.o)
 .text.libgcc.builtins
                0x00000000        0x0 c:/program files (x86)/atmel/studio/7.0/toolchain/avr8/avr8-gnu-toolchain/bin/../lib/gcc/avr/5.4.0/avr5\libgcc.a(_copy_data.o)
 .text.libgcc.fmul
                0x00000000        0x0 c:/program files (x86)/atmel/studio/7.0/toolchain/avr8/avr8-gnu-toolchain/bin/../lib/gcc/avr/5.4.0/avr5\libgcc.a(_copy_data.o)
 .text.libgcc.fixed
                0x00000000        0x0 c:/program files (x86)/atmel/studio/7.0/toolchain/avr8/avr8-gnu-toolchain/bin/../lib/gcc/avr/5.4.0/avr5\libgcc.a(_copy_data.o)
 .text          0x00000000        0x0 c:/program files (x86)/atmel/studio/7.0/toolchain/avr8/avr8-gnu-toolchain/bin/../lib/gcc/avr/5.4.0/avr5\libgcc.a(_clear_bss.o)
 .data          0x00000000        0x0 c:/program files (x86)/atmel/studio/7.0/toolchain/avr8/avr8-gnu-toolchain/bin/../lib/gcc/avr/5.4.0/avr5\libgcc.a(_clear_bss.o)
 .bss           0x00000000        0x0 c:/program files (x86)/atmel/studio/7.0/toolchain/avr8/avr8-gnu-toolchain/bin/../lib/gcc/avr/5.4.0/avr5\libgcc.a(_clear_bss.o)
 .text.libgcc.mul
                0x00000000        0x0 c:/program files (x86)/atmel/studio/7.0/toolchain/avr8/avr8-gnu-toolchain/bin/../lib/gcc/avr/5.4.0/avr5\libgcc.a(_clear_bss.o)
 .text.libgcc.div
                0x00000000        0x0 c:/program files (x86)/atmel/studio/7.0/toolchain/avr8/avr8-gnu-toolchain/bin/../lib/gcc/avr/5.4.0/avr5\libgcc.a(_clear_bss.o)
 .text.libgcc   0x00000000        0x0 c:/program files (x86)/atmel/studio/7.0/toolchain/avr8/avr8-gnu-toolchain/bin/../lib/gcc/avr/5.4.0/avr5\libgcc.a(_clear_bss.o)
 .text.libgcc.prologue
                0x00000000        0x0 c:/program files (x86)/atmel/studio/7.0/toolchain/avr8/avr8-gnu-toolchain/bin/../lib/gcc/avr/5.4.0/avr5\libgcc.a(_clear_bss.o)
 .text.libgcc.builtins
                0x00000000        0x0 c:/program files (x86)/atmel/studio/7.0/toolchain/avr8/avr8-gnu-toolchain/bin/../lib/gcc/avr/5.4.0/avr5\libgcc.a(_clear_bss.o)
 .text.libgcc.fmul
                0x00000000        0x0 c:/program files (x86)/atmel/studio/7.0/toolchain/avr8/avr8-gnu-toolchain/bin/../lib/gcc/avr/5.4.0/avr5\libgcc.a(_clear_bss.o)
 .text.libgcc.fixed
                0x00000000        0x0 c:/program files (x86)/atmel/studio/7.0/toolchain/avr8/avr8-gnu-toolchain/bin/../lib/gcc/avr/5.4.0/avr5\libgcc.a(_clear_bss.o)
 .text          0x00000000        0x0 c:/program files (x86)/atmel/studio/7.0/toolchain/avr8/avr8-gnu-toolchain/bin/../lib/gcc/avr/5.4.0/avr5\libgcc.a(_umulhisi3.o)
 .data          0x00000000        0x0 c:/program files (x86)/atmel/studio/7.0/toolchain/avr8/avr8-gnu-toolchain/bin/../lib/gcc/avr/5.4.0/avr5\libgcc.a(_umulhisi3.o)
 .bss           0x00000000        0x0 c:/program files (x86)/atmel/studio/7.0/toolchain/avr8/avr8-gnu-toolchain/bin/../lib/gcc/avr/5.4.0/avr5\libgcc.a(_umulhisi3.o)
 .text.libgcc.div
                0x00000000        0x0 c:/program files (x86)/atmel/studio/7.0/toolchain/avr8/avr8-gnu-toolchain/bin/../lib/gcc/avr/5.4.0/avr5\libgcc.a(_umulhisi3.o)
 .text.libgcc   0x00000000        0x0 c:/program files (x86)/atmel/studio/7.0/toolchain/avr8/avr8-gnu-toolchain/bin/../lib/gcc/avr/5.4.0/avr5\libgcc.a(_umulhisi3.o)
 .text.libgcc.prologue
                0x00000000        0x0 c:/program files (x86)/atmel/studio/7.0/toolchain/avr8/avr8-gnu-toolchain/bin/../lib/gcc/avr/5.4.0/avr5\libgcc.a(_umulhisi3.o)
 .text.libgcc.builtins
                0x00000000        0x0 c:/program files (x86)/atmel/studio/7.0/toolchain/avr8/avr8-gnu-toolchain/bin/../lib/gcc/avr/5.4.0/avr5\libgcc.a(_umulhisi3.o)
 .text.libgcc.fmul
                0x00000000        0x0 c:/program files (x86)/atmel/studio/7.0/toolchain/avr8/avr8-gnu-toolchain/bin/../lib/gcc/avr/5.4.0/avr5\libgcc.a(_umulhisi3.o)
 .text.libgcc.fixed
                0x00000000        0x0 c:/program files (x86)/atmel/studio/7.0/toolchain/avr8/avr8-gnu-toolchain/bin/../lib/gcc/avr/5.4.0/avr5\libgcc.a(_umulhisi3.o)
 .text          0x00000000        0x0 c:/program files (x86)/atmel/studio/7.0/toolchain/avr8/avr8-gnu-toolchain/bin/../lib/gcc/avr/5.4.0/avr5\libgcc.a(_muluhisi3.o)
 .data          0x00000000        0x0 c:/program files (x86)/atmel/studio/7.0/toolchain/avr8/avr8-gnu-toolchain/bin/../lib/gcc/avr/5.4.0/avr5\libgcc.a(_muluhisi3.o)
 .bss           0x00000000        0x0 c:/program files (x86)/atmel/studio/7.0/toolchain/avr8/avr8-gnu-toolchain/bin/../lib/gcc/avr/5.4.0/avr5\libgcc.a(_muluhisi3.o)
 .text.libgcc.div
                0x00000000        0x0 c:/program files (x86)/atmel/studio/7.0/toolchain/avr8/avr8-gnu-toolchain/bin/../lib/gcc/avr/5.4.0/avr5\libgcc.a(_muluhisi3.o)
 .text.libgcc   0x00000000        0x0 c:/program files (x86)/atmel/studio/7.0/toolchain/avr8/avr8-gnu-toolchain/bin/../lib/gcc/avr/5.4.0/avr5\libgcc.a(_muluhisi3.o)
 .text.libgcc.prologue
                0x00000000        0x0 c:/program files (x86)/atmel/studio/7.0/toolchain/avr8/avr8-gnu-toolchain/bin/../lib/gcc/avr/5.4.0/avr5\libgcc.a(_muluhisi3.o)
 .text.libgcc.builtins
                0x00000000        0x0 c:/program files (x86)/atmel/studio/7.0/toolchain/avr8/avr8-gnu-toolchain/bin/../lib/gcc/avr/5.4.0/avr5\libgcc.a(_muluhisi3.o)
 .text.libgcc.fmul
                0x00000000        0x0 c:/program files (x86)/atmel/studio/7.0/toolchain/avr8/avr8-gnu-toolchain/bin/../lib/gcc/avr/5.4.0/avr5\libgcc.a(_muluhisi3.o)
 .text.libgcc.fixed
                0x00000000        0x0 c:/program files (x86)/atmel/studio/7.0/toolchain/avr8/avr8-gnu-toolchain/bin/../lib/gcc/avr/5.4.0/avr5\libgcc.a(_muluhisi3.o)

Memory Configuration

Name             Origin             Length             Attributes
text             0x00000000         0x00020000         xr
data             0x00800060         0x0000ffa0         rw !x
eeprom           0x00810000         0x00010000         rw !x
fuse             0x00820000         0x00000002         rw !x
lock             0x00830000         0x00000400         rw !x
signature        0x00840000         0x00000400         rw !x
user_signatures  0x00850000         0x00000400         rw !x
*default*        0x00000000         0xffffffff

Linker script and memory map

LOAD C:/Program Files (x86)/Atmel/Studio/7.0/Packs/atmel/ATmega_DFP/1.2.132/gcc/dev/atmega32/avr5/crtatmega32.o
LOAD app_hooks.o
LOAD app_vect.o
LOAD avr_isr.o
LOAD main.o
LOAD uCOS-II/Ports/AVR/ATmega32/GNU/os_cpu_a.o
LOAD uCOS-II/Ports/AVR/ATmega32/GNU/os_cpu_c.o
LOAD uCOS-II/Ports/AVR/ATmega32/GNU/os_dbg.o
LOAD uCOS-II/Source/os_core.o
LOAD uCOS-II/Source/os_flag.o
LOAD uCOS-II/Source/os_mbox.o
LOAD uCOS-II/Source/os_mem.o
LOAD uCOS-II/Source/os_mutex.o
LOAD uCOS-II/Source/os_q.o
LOAD uCOS-II/Source/os_sem.o
LOAD uCOS-II/Source/os_task.o
LOAD uCOS-II/Source/os_time.o
LOAD uCOS-II/Source/os_tmr.o
START GROUP
LOAD c:/program files (x86)/atmel/studio/7.0/toolchain/avr8/avr8-gnu-toolchain/bin/../lib/gcc/avr/5.4.0/../../../../avr/lib/avr5\libm.a
END GROUP
START GROUP
LOAD c:/program files (x86)/atmel/studio/7.0/toolchain/avr8/avr8-gnu-toolchain/bin/../lib/gcc/avr/5.4.0/avr5\libgcc.a
LOAD c:/program files (x86)/atmel/studio/7.0/toolchain/avr8/avr8-gnu-toolchain/bin/../lib/gcc/avr/5.4.0/../../../../avr/lib/avr5\libm.a
LOAD c:/program files (x86)/atmel/studio/7.0/toolchain/avr8/avr8-gnu-toolchain/bin/../lib/gcc/avr/5.4.0/../../../../avr/lib/avr5\libc.a
LOAD C:/Program Files (x86)/Atmel/Studio/7.0/Packs/atmel/ATmega_DFP/1.2.132/gcc/dev/atmega32/avr5\libatmega32.a
END GROUP
                0x00020000                __TEXT_REGION_LENGTH__ = DEFINED (__TEXT_REGION_LENGTH__)?__TEXT_REGION_LENGTH__:0x20000
                0x0000ffa0                __DATA_REGION_LENGTH__ = DEFINED (__DATA_REGION_LENGTH__)?__DATA_REGION_LENGTH__:0xffa0
                0x00010000                __EEPROM_REGION_LENGTH__ = DEFINED (__EEPROM_REGION_LENGTH__)?__EEPROM_REGION_LENGTH__:0x10000
                [0x00000002]                __FUSE_REGION_LENGTH__ = DEFINED (__FUSE_REGION_LENGTH__)?__FUSE_REGION_LENGTH__:0x400
                0x00000400                __LOCK_REGION_LENGTH__ = DEFINED (__LOCK_REGION_LENGTH__)?__LOCK_REGION_LENGTH__:0x400
                0x00000400                __SIGNATURE_REGION_LENGTH__ = DEFINED (__SIGNATURE_REGION_LENGTH__)?__SIGNATURE_REGION_LENGTH__:0x400
                0x00000400                __USER_SIGNATURE_REGION_LENGTH__ = DEFINED (__USER_SIGNATURE_REGION_LENGTH__)?__USER_SIGNATURE_REGION_LENGTH__:0x400

.hash
 *(.hash)

.dynsym
 *(.dynsym)

.dynstr
 *(.dynstr)

.gnu.version
 *(.gnu.version)

.gnu.version_d
 *(.gnu.version_d)

.gnu.version_r
 *(.gnu.version_r)

.rel.init
 *(.rel.init)

.rela.init
 *(.rela.init)

.rel.text
 *(.rel.text)
 *(.rel.text.*)
 *(.rel.gnu.linkonce.t*)

.rela.text
 *(.rela.text)
 *(.rela.text.*)
 *(.rela.gnu.linkonce.t*)

.rel.fini
 *(.rel.fini)

.rela.fini
 *(.rela.fini)

.rel.rodata
 *(.rel.rodata)
 *(.rel.rodata.*)
 *(.rel.gnu.linkonce.r*)

.rela.rodata
 *(.rela.rodata)
 *(.rela.rodata.*)
 *(.rela.gnu.linkonce.r*)

.rel.data
 *(.rel.data)
 *(.rel.data.*)
 *(.rel.gnu.linkonce.d*)

.rela.data
 *(.rela.data)
 *(.rela.data.*)
 *(.rela.gnu.linkonce.d*)

.rel.ctors
 *(.rel.ctors)

.rela.ctors
 *(.rela.ctors)

.rel.dtors
 *(.rel.dtors)

.rela.dtors
 *(.rela.dtors)

.rel.got
 *(.rel.got)

.rela.got
 *(.rela.got)

.rel.bss
 *(.rel.bss)

.rela.bss
 *(.rela.bss)

.rel.plt
 *(.rel.plt)

.rela.plt
 *(.rela.plt)

.text           0x00000000     0x112c
 *(.vectors)
 .vectors       0x00000000       0x54 C:/Program Files (x86)/Atmel/Studio/7.0/Packs/atmel/ATmega_DFP/1.2.132/gcc/dev/atmega32/avr5/crtatmega32.o
                0x00000000                __vector_default
                0x00000000                __vectors
 .vectors       0x00000054      0x1f0 app_vect.o
                0x00000054                __vector_1
                0x00000058                __vector_2
                0x0000005c                __vector_3
                0x00000060                __vector_4
                0x00000064                __vector_5
                0x00000068                __vector_6
                0x0000006c                __vector_7
                0x00000070                __vector_8
                0x00000074                __vector_9
                0x00000078                __vector_10
                0x0000007c                __vector_11
                0x00000080                __vector_12
                0x00000084                __vector_13
                0x00000088                __vector_14
                0x0000008c                __vector_15
                0x00000090                __vector_16
                0x00000094                __vector_17
                0x00000098                __vector_18
                0x0000009c                __vector_19
                0x000000a0                __vector_20
                0x000000a4                __vector_21
                0x000000a8                __vector_22
                0x000000ac                __vector_23
                0x000000b0                __vector_24
                0x000000b4                __vector_25
                0x000000b8                __vector_26
                0x000000bc                __vector_27
                0x000000c0                __vector_28
                0x000000c4                __vector_29
                0x000000c8                __vector_30
                0x000000cc                __vector_31
                0x000000d0                __vector_32
                0x000000d4                __vector_33
                0x000000d8                __vector_34
                0x000000dc                __vector_35
                0x000000e0                __vector_36
                0x000000e4                __vector_37
                0x000000e8                __vector_38
                0x000000ec                __vector_39
                0x000000f0                __vector_40
                0x000000f4                __vector_41
                0x000000f8                __vector_42
                0x000000fc                __vector_43
                0x00000100                __vector_44
                0x00000104                __vector_45
                0x00000108                __vector_46
                0x0000010c                __vector_47
                0x00000110                __vector_48
                0x00000114                __vector_49
                0x00000118                __vector_50
                0x0000011c                __vector_51
                0x00000120                __vector_52
                0x00000124                __vector_53
                0x00000128                __vector_54
                0x0000012c                __vector_55
                0x00000130                __vector_56
                0x00000134                __vector_57
                0x00000138                __vector_58
                0x0000013c                __vector_59
                0x00000140                __vector_60
                0x00000144                __vector_61
                0x00000148                __vector_62
                0x0000014c                __vector_63
                0x00000150                __vector_64
                0x00000154                __vector_65
                0x00000158                __vector_66
                0x0000015c                __vector_67
                0x00000160                __vector_68
                0x00000164                __vector_69
                0x00000168                __vector_70
                0x0000016c                __vector_71
                0x00000170                __vector_72
                0x00000174                __vector_73
                0x00000178                __vector_74
                0x0000017c                __vector_75
                0x00000180                __vector_76
                0x00000184                __vector_77
                0x00000188                __vector_78
                0x0000018c                __vector_79
                0x00000190                __vector_80
                0x00000194                __vector_81
                0x00000198                __vector_82
                0x0000019c                __vector_83
                0x000001a0                __vector_84
                0x000001a4                __vector_85
                0x000001a8                __vector_86
                0x000001ac                __vector_87
                0x000001b0                __vector_88
                0x000001b4                __vector_89
                0x000001b8                __vector_90
                0x000001bc                __vector_91
                0x000001c0                __vector_92
                0x000001c4                __vector_93
                0x000001c8                __vector_94
                0x000001cc                __vector_95
                0x000001d0                __vector_96
                0x000001d4                __vector_97
                0x000001d8                __vector_98
                0x000001dc                __vector_99
                0x000001e0                __vector_100
                0x000001e4                __vector_101
                0x000001e8                __vector_102
                0x000001ec                __vector_103
                0x000001f0                __vector_104
                0x000001f4                __vector_105
                0x000001f8                __vector_106
                0x000001fc                __vector_107
                0x00000200                __vector_108
                0x00000204                __vector_109
                0x00000208                __vector_110
                0x0000020c                __vector_111
                0x00000210                __vector_112
                0x00000214                __vector_113
                0x00000218                __vector_114
                0x0000021c                __vector_115
                0x00000220                __vector_116
                0x00000224                __vector_117
                0x00000228                __vector_118
                0x0000022c                __vector_119
                0x00000230                __vector_120
                0x00000234                __vector_121
                0x00000238                __vector_122
                0x0000023c                __vector_123
                0x00000240                __vector_124
 *(.vectors)
 *(.progmem.gcc*)
                0x00000244                . = ALIGN (0x2)
                0x00000244                __trampolines_start = .
 *(.trampolines)
 .trampolines   0x00000244        0x0 linker stubs
 *(.trampolines*)
                0x00000244                __trampolines_end = .
 *libprintf_flt.a:*(.progmem.data)
 *libc.a:*(.progmem.data)
 *(.progmem*)
                0x00000244                . = ALIGN (0x2)
 *(.jumptables)
 *(.jumptables*)
 *(.lowtext)
 *(.lowtext*)
                0x00000244                __ctors_start = .
 *(.ctors)
                0x00000244                __ctors_end = .
                0x00000244                __dtors_start = .
 *(.dtors)
                0x00000244                __dtors_end = .
 SORT(*)(.ctors)
 SORT(*)(.dtors)
 *(.init0)
 .init0         0x00000244        0x0 C:/Program Files (x86)/Atmel/Studio/7.0/Packs/atmel/ATmega_DFP/1.2.132/gcc/dev/atmega32/avr5/crtatmega32.o
                0x00000244                __init
 *(.init0)
 *(.init1)
 *(.init1)
 *(.init2)
 .init2         0x00000244        0xc C:/Program Files (x86)/Atmel/Studio/7.0/Packs/atmel/ATmega_DFP/1.2.132/gcc/dev/atmega32/avr5/crtatmega32.o
 *(.init2)
 *(.init3)
 *(.init3)
 *(.init4)
 .init4         0x00000250       0x16 c:/program files (x86)/atmel/studio/7.0/toolchain/avr8/avr8-gnu-toolchain/bin/../lib/gcc/avr/5.4.0/avr5\libgcc.a(_copy_data.o)
                0x00000250                __do_copy_data
 .init4         0x00000266       0x10 c:/program files (x86)/atmel/studio/7.0/toolchain/avr8/avr8-gnu-toolchain/bin/../lib/gcc/avr/5.4.0/avr5\libgcc.a(_clear_bss.o)
                0x00000266                __do_clear_bss
 *(.init4)
 *(.init5)
 *(.init5)
 *(.init6)
 *(.init6)
 *(.init7)
 *(.init7)
 *(.init8)
 *(.init8)
 *(.init9)
 .init9         0x00000276        0x4 C:/Program Files (x86)/Atmel/Studio/7.0/Packs/atmel/ATmega_DFP/1.2.132/gcc/dev/atmega32/avr5/crtatmega32.o
 *(.init9)
 *(.text)
 .text          0x0000027a       0xae avr_isr.o
                0x0000027a                TickISR
 .text          0x00000328      0x18c uCOS-II/Ports/AVR/ATmega32/GNU/os_cpu_a.o
                0x00000328                OS_CPU_SR_Save
                0x0000032e                OS_CPU_SR_Restore
                0x00000332                OSStartHighRdy
                0x00000392                OSCtxSw
                0x0000044e                OSIntCtxSw
                0x000004b4                . = ALIGN (0x2)
 *(.text.*)
 .text.Task1    0x000004b4        0x2 main.o
 .text.Task5    0x000004b6        0x2 main.o
 .text.Task4    0x000004b8        0xe main.o
 .text.Task3    0x000004c6        0xe main.o
 .text.Task2    0x000004d4        0xe main.o
 .text.main     0x000004e2       0x6e main.o
                0x000004e2                main
 .text.TaskStartCreateTasks
                0x00000550      0x108 main.o
                0x00000550                TaskStartCreateTasks
 .text.TaskStart
                0x00000658        0x8 main.o
 .text.OSTaskStkInit
                0x00000660       0xda uCOS-II/Ports/AVR/ATmega32/GNU/os_cpu_c.o
                0x00000660                OSTaskStkInit
 .text.OS_SchedNew
                0x0000073a       0x2c uCOS-II/Source/os_core.o
 .text.OS_TaskIdle
                0x00000766       0x32 uCOS-II/Source/os_core.o
                0x00000766                OS_TaskIdle
 .text.OSIntExit
                0x00000798       0x98 uCOS-II/Source/os_core.o
                0x00000798                OSIntExit
 .text.OSStart  0x00000830       0x34 uCOS-II/Source/os_core.o
                0x00000830                OSStart
 .text.OSTimeTick
                0x00000864       0xde uCOS-II/Source/os_core.o
                0x00000864                OSTimeTick
 .text.OS_Dummy
                0x00000942        0x2 uCOS-II/Source/os_core.o
                0x00000942                OS_Dummy
 .text.OS_EventTaskRemove
                0x00000944       0x2c uCOS-II/Source/os_core.o
                0x00000944                OS_EventTaskRemove
 .text.OS_MemClr
                0x00000970       0x16 uCOS-II/Source/os_core.o
                0x00000970                OS_MemClr
 .text.OSInit   0x00000986      0x144 uCOS-II/Source/os_core.o
                0x00000986                OSInit
 .text.OS_Sched
                0x00000aca       0x84 uCOS-II/Source/os_core.o
                0x00000aca                OS_Sched
 .text.OS_TCBInit
                0x00000b4e      0x1c4 uCOS-II/Source/os_core.o
                0x00000b4e                OS_TCBInit
 .text.OSTaskCreateExt
                0x00000d12      0x11e uCOS-II/Source/os_task.o
                0x00000d12                OSTaskCreateExt
 .text.OSTaskDel
                0x00000e30      0x182 uCOS-II/Source/os_task.o
                0x00000e30                OSTaskDel
 .text.OSTimeDly
                0x00000fb2       0x7a uCOS-II/Source/os_time.o
                0x00000fb2                OSTimeDly
 .text.OSTimeDlyHMSM
                0x0000102c       0x86 uCOS-II/Source/os_time.o
                0x0000102c                OSTimeDlyHMSM
 .text.libgcc.div
                0x000010b2       0x44 c:/program files (x86)/atmel/studio/7.0/toolchain/avr8/avr8-gnu-toolchain/bin/../lib/gcc/avr/5.4.0/avr5\libgcc.a(_udivmodsi4.o)
                0x000010b2                __udivmodsi4
 .text.libgcc.mul
                0x000010f6       0x1e c:/program files (x86)/atmel/studio/7.0/toolchain/avr8/avr8-gnu-toolchain/bin/../lib/gcc/avr/5.4.0/avr5\libgcc.a(_umulhisi3.o)
                0x000010f6                __umulhisi3
 .text.libgcc.mul
                0x00001114       0x14 c:/program files (x86)/atmel/studio/7.0/toolchain/avr8/avr8-gnu-toolchain/bin/../lib/gcc/avr/5.4.0/avr5\libgcc.a(_muluhisi3.o)
                0x00001114                __muluhisi3
                0x00001128                . = ALIGN (0x2)
 *(.fini9)
 .fini9         0x00001128        0x0 c:/program files (x86)/atmel/studio/7.0/toolchain/avr8/avr8-gnu-toolchain/bin/../lib/gcc/avr/5.4.0/avr5\libgcc.a(_exit.o)
                0x00001128                _exit
                0x00001128                exit
 *(.fini9)
 *(.fini8)
 *(.fini8)
 *(.fini7)
 *(.fini7)
 *(.fini6)
 *(.fini6)
 *(.fini5)
 *(.fini5)
 *(.fini4)
 *(.fini4)
 *(.fini3)
 *(.fini3)
 *(.fini2)
 *(.fini2)
 *(.fini1)
 *(.fini1)
 *(.fini0)
 .fini0         0x00001128        0x4 c:/program files (x86)/atmel/studio/7.0/toolchain/avr8/avr8-gnu-toolchain/bin/../lib/gcc/avr/5.4.0/avr5\libgcc.a(_exit.o)
 *(.fini0)
                0x0000112c                _etext = .

.data           0x00800060      0x100 load address 0x0000112c
                0x00800060                PROVIDE (__data_start, .)
 *(.data)
 *(.data*)
 *(.rodata)
 *(.rodata*)
 .rodata.OSUnMapTbl
                0x00800060      0x100 uCOS-II/Source/os_core.o
                0x00800060                OSUnMapTbl
 *(.gnu.linkonce.d*)
                0x00800160                . = ALIGN (0x2)
                0x00800160                _edata = .
                0x00800160                PROVIDE (__data_end, .)

.bss            0x00800160      0x7b8
                0x00800160                PROVIDE (__bss_start, .)
 *(.bss)
 *(.bss*)
 .bss.TaskStk   0x00800160      0x5dc main.o
 .bss.TaskStartStk
                0x0080073c       0x64 main.o
 *(COMMON)
 COMMON         0x008007a0      0x178 uCOS-II/Source/os_core.o
                0x008007a0                OSLockNesting
                0x008007a1                OSRunning
                0x008007a2                OSIdleCtr
                0x008007a6                OSPrioHighRdy
                0x008007a7                OSPrioCur
                0x008007a8                OSTCBList
                0x008007aa                OSTickStepState
                0x008007ab                OSCtxSwCtr
                0x008007af                OSTCBFreeList
                0x008007b1                OSTaskCtr
                0x008007b2                OSTCBHighRdy
                0x008007b4                OSRdyGrp
                0x008007b5                OSRdyTbl
                0x008007bd                OSEventFreeList
                0x008007bf                OSIntNesting
                0x008007c0                OSTCBCur
                0x008007c2                OSTime
                0x008007c6                OSTaskIdleStk
                0x008007da                OSEventTbl
                0x008007f6                OSTCBTbl
                0x00800898                OSTCBPrioTbl
                0x00800918                PROVIDE (__bss_end, .)
                0x0000112c                __data_load_start = LOADADDR (.data)
                0x0000122c                __data_load_end = (__data_load_start + SIZEOF (.data))

.noinit         0x00800918        0x0
                [!provide]                PROVIDE (__noinit_start, .)
 *(.noinit*)
                [!provide]                PROVIDE (__noinit_end, .)
                0x00800918                _end = .
                [!provide]                PROVIDE (__heap_start, .)

.eeprom         0x00810000        0x0
 *(.eeprom*)
                0x00810000                __eeprom_end = .

.fuse
 *(.fuse)
 *(.lfuse)
 *(.hfuse)
 *(.efuse)

.lock
 *(.lock*)

.signature
 *(.signature*)

.user_signatures
 *(.user_signatures*)

.stab
 *(.stab)

.stabstr
 *(.stabstr)

.stab.excl
 *(.stab.excl)

.stab.exclstr
 *(.stab.exclstr)

.stab.index
 *(.stab.index)

.stab.indexstr
 *(.stab.indexstr)

.comment        0x00000000       0x30
 *(.comment)
 .comment       0x00000000       0x30 main.o
                                 0x31 (size before relaxing)
 .comment       0x00000030       0x31 uCOS-II/Ports/AVR/ATmega32/GNU/os_cpu_c.o
 .comment       0x00000030       0x31 uCOS-II/Source/os_core.o
 .comment       0x00000030       0x31 uCOS-II/Source/os_task.o
 .comment       0x00000030       0x31 uCOS-II/Source/os_time.o

.note.gnu.avr.deviceinfo
                0x00000000       0x3c
 .note.gnu.avr.deviceinfo
                0x00000000       0x3c C:/Program Files (x86)/Atmel/Studio/7.0/Packs/atmel/ATmega_DFP/1.2.132/gcc/dev/atmega32/avr5/crtatmega32.o

.note.gnu.build-id
 *(.note.gnu.build-id)

.debug
 *(.debug)

.line
 *(.line)

.debug_srcinfo
 *(.debug_srcinfo)

.debug_sfnames
 *(.debug_sfnames)

.debug_aranges  0x00000000      0x230
 *(.debug_aranges)
 .debug_aranges
                0x00000000       0x20 app_vect.o
 .debug_aranges
                0x00000020       0x20 avr_isr.o
 .debug_aranges
                0x00000040       0x58 main.o
 .debug_aranges
                0x00000098       0x20 uCOS-II/Ports/AVR/ATmega32/GNU/os_cpu_a.o
 .debug_aranges
                0x000000b8       0x20 uCOS-II/Ports/AVR/ATmega32/GNU/os_cpu_c.o
 .debug_aranges
                0x000000d8       0xb8 uCOS-II/Source/os_core.o
 .debug_aranges
                0x00000190       0x60 uCOS-II/Source/os_task.o
 .debug_aranges
                0x000001f0       0x40 uCOS-II/Source/os_time.o

.debug_pubnames
 *(.debug_pubnames)

.debug_info     0x00000000     0x2bef
 *(.debug_info .gnu.linkonce.wi.*)
 .debug_info    0x00000000      0x4e6 C:/Program Files (x86)/Atmel/Studio/7.0/Packs/atmel/ATmega_DFP/1.2.132/gcc/dev/atmega32/avr5/crtatmega32.o
 .debug_info    0x000004e6       0x86 app_vect.o
 .debug_info    0x0000056c       0x85 avr_isr.o
 .debug_info    0x000005f1      0x58e main.o
 .debug_info    0x00000b7f       0xa3 uCOS-II/Ports/AVR/ATmega32/GNU/os_cpu_a.o
 .debug_info    0x00000c22      0x13c uCOS-II/Ports/AVR/ATmega32/GNU/os_cpu_c.o
 .debug_info    0x00000d5e      0xe01 uCOS-II/Source/os_core.o
 .debug_info    0x00001b5f      0xb0b uCOS-II/Source/os_task.o
 .debug_info    0x0000266a      0x585 uCOS-II/Source/os_time.o

.debug_abbrev   0x00000000      0xca9
 *(.debug_abbrev)
 .debug_abbrev  0x00000000      0x4a3 C:/Program Files (x86)/Atmel/Studio/7.0/Packs/atmel/ATmega_DFP/1.2.132/gcc/dev/atmega32/avr5/crtatmega32.o
 .debug_abbrev  0x000004a3       0x14 app_vect.o
 .debug_abbrev  0x000004b7       0x14 avr_isr.o
 .debug_abbrev  0x000004cb      0x132 main.o
 .debug_abbrev  0x000005fd       0x14 uCOS-II/Ports/AVR/ATmega32/GNU/os_cpu_a.o
 .debug_abbrev  0x00000611       0xc2 uCOS-II/Ports/AVR/ATmega32/GNU/os_cpu_c.o
 .debug_abbrev  0x000006d3      0x2a2 uCOS-II/Source/os_core.o
 .debug_abbrev  0x00000975      0x1de uCOS-II/Source/os_task.o
 .debug_abbrev  0x00000b53      0x156 uCOS-II/Source/os_time.o

.debug_line     0x00000000     0x1612
 *(.debug_line .debug_line.* .debug_line_end)
 .debug_line    0x00000000      0x115 C:/Program Files (x86)/Atmel/Studio/7.0/Packs/atmel/ATmega_DFP/1.2.132/gcc/dev/atmega32/avr5/crtatmega32.o
 .debug_line    0x00000115      0x320 app_vect.o
 .debug_line    0x00000435       0x91 avr_isr.o
 .debug_line    0x000004c6      0x164 main.o
 .debug_line    0x0000062a      0x139 uCOS-II/Ports/AVR/ATmega32/GNU/os_cpu_a.o
 .debug_line    0x00000763      0x14b uCOS-II/Ports/AVR/ATmega32/GNU/os_cpu_c.o
 .debug_line    0x000008ae      0x67d uCOS-II/Source/os_core.o
 .debug_line    0x00000f2b      0x4e1 uCOS-II/Source/os_task.o
 .debug_line    0x0000140c      0x206 uCOS-II/Source/os_time.o

.debug_frame    0x00000000      0x5e8
 *(.debug_frame)
 .debug_frame   0x00000000      0x128 main.o
 .debug_frame   0x00000128       0x24 uCOS-II/Ports/AVR/ATmega32/GNU/os_cpu_c.o
 .debug_frame   0x0000014c      0x214 uCOS-II/Source/os_core.o
 .debug_frame   0x00000360      0x1c4 uCOS-II/Source/os_task.o
 .debug_frame   0x00000524       0xc4 uCOS-II/Source/os_time.o

.debug_str      0x00000000      0x9c6
 *(.debug_str)
 .debug_str     0x00000000      0x196 C:/Program Files (x86)/Atmel/Studio/7.0/Packs/atmel/ATmega_DFP/1.2.132/gcc/dev/atmega32/avr5/crtatmega32.o
 .debug_str     0x00000196      0x200 main.o
                                0x239 (size before relaxing)
 .debug_str     0x00000396       0x65 uCOS-II/Ports/AVR/ATmega32/GNU/os_cpu_c.o
                                0x1da (size before relaxing)
 .debug_str     0x000003fb      0x4bd uCOS-II/Source/os_core.o
                                0x65b (size before relaxing)
 .debug_str     0x000008b8       0xa8 uCOS-II/Source/os_task.o
                                0x4be (size before relaxing)
 .debug_str     0x00000960       0x66 uCOS-II/Source/os_time.o
                                0x3e6 (size before relaxing)

.debug_loc      0x00000000     0x21e8
 *(.debug_loc)
 .debug_loc     0x00000000      0x217 main.o
 .debug_loc     0x00000217      0x23b uCOS-II/Ports/AVR/ATmega32/GNU/os_cpu_c.o
 .debug_loc     0x00000452      0xa9e uCOS-II/Source/os_core.o
 .debug_loc     0x00000ef0      0xcb9 uCOS-II/Source/os_task.o
 .debug_loc     0x00001ba9      0x63f uCOS-II/Source/os_time.o

.debug_macinfo
 *(.debug_macinfo)

.debug_weaknames
 *(.debug_weaknames)

.debug_funcnames
 *(.debug_funcnames)

.debug_typenames
 *(.debug_typenames)

.debug_varnames
 *(.debug_varnames)

.debug_pubtypes
 *(.debug_pubtypes)

.debug_ranges   0x00000000      0x180
 *(.debug_ranges)
 .debug_ranges  0x00000000       0x48 main.o
 .debug_ranges  0x00000048       0x10 uCOS-II/Ports/AVR/ATmega32/GNU/os_cpu_c.o
 .debug_ranges  0x00000058       0xa8 uCOS-II/Source/os_core.o
 .debug_ranges  0x00000100       0x50 uCOS-II/Source/os_task.o
 .debug_ranges  0x00000150       0x30 uCOS-II/Source/os_time.o

.debug_macro
 *(.debug_macro)
OUTPUT(UCOS2_theThirdShoot.elf elf32-avr)
LOAD linker stubs
